
> next-app-boilerplate@0.1.0 build
> next build

  Ôû▓ Next.js 14.2.32
  - Environments: .env

   Linting and checking validity of types ...
npm : 
At line:1 char:1
+ npm run build > build_output.txt 2>&1
+ ~~~~~~~~~~~~~~~~~~~~~~~~~~~~~~~~~~~~~
    + CategoryInfo          : NotSpecified: (:String)  
   [], RemoteException
    + FullyQualifiedErrorId : NativeCommandError
 
Failed to compile.

./src/common/components/GradientButton.tsx
10:69  Warning: 'theme' is defined but never used. 
Allowed unused args must match /^_/u.  
@typescript-eslint/no-unused-vars

./src/common/components/lib/partials/UserAvatar.tsx
56:29  Warning: 'event' is defined but never used. 
Allowed unused args must match /^_/u.  
@typescript-eslint/no-unused-vars

./src/common/theme/ComponentsOverrides.tsx
7:10  Warning: 'Any' is defined but never used. 
Allowed unused vars must match /^_/u.  
@typescript-eslint/no-unused-vars
11:53  Warning: Unexpected any. Specify a different 
type.  @typescript-eslint/no-explicit-any

./src/modules/admins/components/admin-profile/partials/
ProfileHeader.tsx
1:15  Warning: 'Avatar' is defined but never used. 
Allowed unused vars must match /^_/u.  
@typescript-eslint/no-unused-vars

./src/modules/ambassadors/components/ApplicationReviewD
ialog.tsx
40:39  Warning: Unexpected any. Specify a different 
type.  @typescript-eslint/no-explicit-any
50:51  Warning: Unexpected any. Specify a different 
type.  @typescript-eslint/no-explicit-any
119:75  Warning: Unexpected any. Specify a different 
type.  @typescript-eslint/no-explicit-any

./src/modules/ambassadors/components/TeamMembersSection
.tsx
5:3  Warning: 'Avatar' is defined but never used. 
Allowed unused vars must match /^_/u.  
@typescript-eslint/no-unused-vars

./src/modules/ambassadors/hooks/useAmbassadorApplicatio
ns.ts
16:43  Warning: Unexpected any. Specify a different 
type.  @typescript-eslint/no-explicit-any
17:84  Warning: Unexpected any. Specify a different 
type.  @typescript-eslint/no-explicit-any
18:41  Warning: Unexpected any. Specify a different 
type.  @typescript-eslint/no-explicit-any
23:45  Warning: Unexpected any. Specify a different 
type.  @typescript-eslint/no-explicit-any
55:27  Warning: Unexpected any. Specify a different 
type.  @typescript-eslint/no-explicit-any

./src/modules/ambassadors/hooks/useAmbassadors.ts
104:20  Warning: Unexpected any. Specify a different 
type.  @typescript-eslint/no-explicit-any
145:20  Warning: Unexpected any. Specify a different 
type.  @typescript-eslint/no-explicit-any

./src/modules/ambassadors/hooks/useBrowseAmbassadors.ts
65:47  Warning: Unexpected any. Specify a different 
type.  @typescript-eslint/no-explicit-any
82:16  Warning: Unexpected any. Specify a different 
type.  @typescript-eslint/no-explicit-any
83:16  Warning: Unexpected any. Specify a different 
type.  @typescript-eslint/no-explicit-any

./src/modules/auth/hooks/api/useAuth.ts
7:7  Warning: 'toCamelCase' is assigned a value but 
never used. Allowed unused vars must match /^_/u.  
@typescript-eslint/no-unused-vars
10:34  Warning: Unexpected any. Specify a different 
type.  @typescript-eslint/no-explicit-any
10:40  Warning: Unexpected any. Specify a different 
type.  @typescript-eslint/no-explicit-any
20:14  Warning: Unexpected any. Specify a different 
type.  @typescript-eslint/no-explicit-any
105:22  Error: Delete `┬À`  prettier/prettier

./src/modules/chat/contexts/ChatContext.tsx
31:67  Warning: Unexpected any. Specify a different 
type.  @typescript-eslint/no-explicit-any
31:82  Warning: Unexpected any. Specify a different 
type.  @typescript-eslint/no-explicit-any

./src/modules/chat/hooks/useUnreadConversations.ts
16:51  Warning: Unexpected any. Specify a different 
type.  @typescript-eslint/no-explicit-any

./src/modules/clients/components/ClientDashboard.tsx
1:10  Warning: 'Project' is defined but never used. 
Allowed unused vars must match /^_/u.  
@typescript-eslint/no-unused-vars

./src/modules/clients/components/ClientDetailsCard.tsx
15:50  Warning: Unexpected any. Specify a different 
type.  @typescript-eslint/no-explicit-any

./src/modules/creators/components/ApplicationReviewDial
og.tsx
17:3  Warning: 'Avatar' is defined but never used. 
Allowed unused vars must match /^_/u.  
@typescript-eslint/no-unused-vars
41:40  Warning: Unexpected any. Specify a different 
type.  @typescript-eslint/no-explicit-any
118:76  Warning: Unexpected any. Specify a different 
type.  @typescript-eslint/no-explicit-any

./src/modules/creators/components/CreatorDetailsCard.ts
x
15:53  Warning: Unexpected any. Specify a different 
type.  @typescript-eslint/no-explicit-any

./src/modules/creators/components/partials/dashboard/De
tailsPanel.tsx
14:3  Warning: 'Avatar' is defined but never used. 
Allowed unused vars must match /^_/u.  
@typescript-eslint/no-unused-vars

./src/modules/creators/components/partials/dashboard/In
viteCard.tsx
8:3  Warning: 'Avatar' is defined but never used. 
Allowed unused vars must match /^_/u.  
@typescript-eslint/no-unused-vars
14:22  Warning: 'Close' is defined but never used. 
Allowed unused vars must match /^_/u.  
@typescript-eslint/no-unused-vars

./src/modules/creators/components/partials/dashboard/Pr
oposalCard.tsx
8:3  Warning: 'Avatar' is defined but never used. 
Allowed unused vars must match /^_/u.  
@typescript-eslint/no-unused-vars

./src/modules/creators/components/partials/dashboard/Pr
oposalComment.tsx
10:3  Warning: 'Avatar' is defined but never used. 
Allowed unused vars must match /^_/u.  
@typescript-eslint/no-unused-vars

./src/modules/creators/components/SendMessageModal.tsx
2:3  Warning: 'Avatar' is defined but never used. 
Allowed unused vars must match /^_/u.  
@typescript-eslint/no-unused-vars

./src/modules/creators/hooks/useCreatorApplications.ts
16:40  Warning: Unexpected any. Specify a different 
type.  @typescript-eslint/no-explicit-any
17:84  Warning: Unexpected any. Specify a different 
type.  @typescript-eslint/no-explicit-any
18:41  Warning: Unexpected any. Specify a different 
type.  @typescript-eslint/no-explicit-any
23:42  Warning: Unexpected any. Specify a different 
type.  @typescript-eslint/no-explicit-any
55:27  Warning: Unexpected any. Specify a different 
type.  @typescript-eslint/no-explicit-any

./src/modules/media/components/BoardColumn.tsx
138:38  Warning: 'idx' is defined but never used. 
Allowed unused args must match /^_/u.  
@typescript-eslint/no-unused-vars

./src/modules/media/components/BoardPane.tsx
80:10  Warning: 'columnsHeight' is assigned a value 
but never used. Allowed unused vars must match /^_/u.  
@typescript-eslint/no-unused-vars
116:5  Warning: 'targetTaskId' is defined but never 
used. Allowed unused args must match /^_/u.  
@typescript-eslint/no-unused-vars
117:5  Warning: 'position' is defined but never used. 
Allowed unused args must match /^_/u.  
@typescript-eslint/no-unused-vars
175:27  Warning: Do not define components during 
render. React will see a new component type on every 
render and destroy the entire subtreeÔÇÖs DOM nodes 
and state (https://reactjs.org/docs/reconciliation.html
#elements-of-different-types). Instead, move this 
component definition out of the parent component 
ÔÇ£BoardPaneÔÇØ and pass data as props.  
react/no-unstable-nested-components

./src/modules/media/components/distribute/DistributeMod
al.tsx
53:3  Warning: 'Channel' is defined but never used. 
Allowed unused vars must match /^_/u.  
@typescript-eslint/no-unused-vars
61:10  Warning: 'CAPABILITIES' is defined but never 
used. Allowed unused vars must match /^_/u.  
@typescript-eslint/no-unused-vars
64:3  Warning: 'packIntoCarousel' is defined but never 
used. Allowed unused vars must match /^_/u.  
@typescript-eslint/no-unused-vars
82:77  Warning: Unexpected any. Specify a different 
type.  @typescript-eslint/no-explicit-any
83:28  Warning: Unexpected any. Specify a different 
type.  @typescript-eslint/no-explicit-any
292:48  Warning: Unexpected any. Specify a different 
type.  @typescript-eslint/no-explicit-any
557:27  Warning: Using `<img>` could result in slower 
LCP and higher bandwidth. Consider using `<Image />` 
from `next/image` to automatically optimize images. 
This may incur additional usage or cost from your 
provider. See: 
https://nextjs.org/docs/messages/no-img-element  
@next/next/no-img-element

./src/modules/media/components/distribute/TikTokIcon.ts
x
4:8  Warning: Unexpected any. Specify a different 
type.  @typescript-eslint/no-explicit-any

./src/modules/media/components/distribute/variantEngine
.ts
42:54  Warning: 'cover' is defined but never used. 
Allowed unused args must match /^_/u.  
@typescript-eslint/no-unused-vars

./src/modules/media/components/distribute/XIcon.tsx
4:8  Warning: Unexpected any. Specify a different 
type.  @typescript-eslint/no-explicit-any

./src/modules/media/components/FileViewerModal.tsx
71:11  Warning: 't' is assigned a value but never 
used. Allowed unused vars must match /^_/u.  
@typescript-eslint/no-unused-vars

./src/modules/media/components/MediaFileSection.tsx
25:3  Warning: 'InsertDriveFile' is defined but never 
used. Allowed unused vars must match /^_/u.  
@typescript-eslint/no-unused-vars
493:13  Warning: 'res' is assigned a value but never 
used. Allowed unused vars must match /^_/u.  
@typescript-eslint/no-unused-vars

./src/modules/media/components/MediaPostCard.tsx
257:50  Warning: 'idx' is defined but never used. 
Allowed unused args must match /^_/u.  
@typescript-eslint/no-unused-vars

./src/modules/media/components/PaneHeader.tsx
4:8  Warning: 'UnfoldMoreIcon' is defined but never 
used. Allowed unused vars must match /^_/u.  
@typescript-eslint/no-unused-vars
12:16  Warning: Function component is not an arrow 
function  react/function-component-definition

./src/modules/media/components/partials/media-modal/Med
iaAssignees.tsx
229:35  Warning: 'index' is defined but never used. 
Allowed unused args must match /^_/u.  
@typescript-eslint/no-unused-vars

./src/modules/media/components/partials/media-modal/Med
iaCommentsSide.tsx
10:3  Warning: 'Divider' is defined but never used. 
Allowed unused vars must match /^_/u.  
@typescript-eslint/no-unused-vars
47:9  Warning: 'formatTimeAgo' is assigned a value but 
never used. Allowed unused vars must match /^_/u.  
@typescript-eslint/no-unused-vars
72:23  Warning: Do not define components during 
render. React will see a new component type on every 
render and destroy the entire subtreeÔÇÖs DOM nodes 
and state (https://reactjs.org/docs/reconciliation.html
#elements-of-different-types). Instead, move this 
component definition out of the parent component 
ÔÇ£MediaCommentsSideÔÇØ and pass data as props.  
react/no-unstable-nested-components

./src/modules/media/components/partials/media-modal/Med
iaPostDetailsModal.tsx
67:11  Warning: 't' is assigned a value but never 
used. Allowed unused vars must match /^_/u.  
@typescript-eslint/no-unused-vars
76:10  Warning: 'deleteDialogOpen' is assigned a value 
but never used. Allowed unused vars must match /^_/u.  
@typescript-eslint/no-unused-vars
76:28  Warning: 'setDeleteDialogOpen' is assigned a 
value but never used. Allowed unused vars must match 
/^_/u.  @typescript-eslint/no-unused-vars
90:32  Warning: 'isLoading' is assigned a value but 
never used. Allowed unused vars must match /^_/u.  
@typescript-eslint/no-unused-vars
128:43  Warning: Unexpected any. Specify a different 
type.  @typescript-eslint/no-explicit-any
133:9  Warning: 'assets' is assigned a value but never 
used. Allowed unused vars must match /^_/u.  
@typescript-eslint/no-unused-vars
134:9  Warning: 'reviews' is assigned a value but 
never used. Allowed unused vars must match /^_/u.  
@typescript-eslint/no-unused-vars
143:52  Warning: Unexpected any. Specify a different 
type.  @typescript-eslint/no-explicit-any
187:25  Warning: Unexpected any. Specify a different 
type.  @typescript-eslint/no-explicit-any

./src/modules/media/components/ProjectStripe.tsx
1:35  Warning: 'Chip' is defined but never used. 
Allowed unused vars must match /^_/u.  
@typescript-eslint/no-unused-vars
5:3  Warning: 'Refresh' is defined but never used. 
Allowed unused vars must match /^_/u.  
@typescript-eslint/no-unused-vars

./src/modules/media/components/ProjectWorkshop.tsx
17:8  Warning: 'Routes' is defined but never used. 
Allowed unused vars must match /^_/u.  
@typescript-eslint/no-unused-vars

./src/modules/media/components/ReusableFileViewer.tsx
7:3  Warning: 'Fade' is defined but never used. 
Allowed unused vars must match /^_/u.  
@typescript-eslint/no-unused-vars
14:12  Warning: 'ImageIcon' is defined but never used. 
Allowed unused vars must match /^_/u.  
@typescript-eslint/no-unused-vars
15:16  Warning: 'VideoIcon' is defined but never used. 
Allowed unused vars must match /^_/u.  
@typescript-eslint/no-unused-vars
17:19  Warning: 'PdfIcon' is defined but never used. 
Allowed unused vars must match /^_/u.  
@typescript-eslint/no-unused-vars
21:17  Warning: 'FullscreenIcon' is defined but never 
used. Allowed unused vars must match /^_/u.  
@typescript-eslint/no-unused-vars
38:3  Warning: 'showControls' PropType is defined but 
prop is never used  react/no-unused-prop-types
48:7  Warning: 'getFileTypeColor' is assigned a value 
but never used. Allowed unused vars must match /^_/u.  
@typescript-eslint/no-unused-vars
264:9  Warning: Using `<img>` could result in slower 
LCP and higher bandwidth. Consider using `<Image />` 
from `next/image` to automatically optimize images. 
This may incur additional usage or cost from your 
provider. See: 
https://nextjs.org/docs/messages/no-img-element  
@next/next/no-img-element
348:31  Warning: 'showControls' is assigned a value 
but never used. Allowed unused vars must match /^_/u.  
@typescript-eslint/no-unused-vars
602:29  Warning: 'showControls' is assigned a value 
but never used. Allowed unused vars must match /^_/u.  
@typescript-eslint/no-unused-vars
632:35  Warning: 'file' is defined but never used. 
Allowed unused args must match /^_/u.  
@typescript-eslint/no-unused-vars

./src/modules/media/components/ReviewVersionModal.tsx
28:10  Warning: 'useTranslation' is defined but never 
used. Allowed unused vars must match /^_/u.  
@typescript-eslint/no-unused-vars

./src/modules/media/components/UpdatesPane.tsx
6:3  Warning: 'Avatar' is defined but never used. 
Allowed unused vars must match /^_/u.  
@typescript-eslint/no-unused-vars
32:16  Warning: Function component is not an arrow 
function  react/function-component-definition
214:42  Warning: 'update' PropType is defined but prop 
is never used  react/no-unused-prop-types
214:65  Warning: 'isOptimistic' PropType is defined 
but prop is never used  react/no-unused-prop-types
476:54  Warning: Unexpected any. Specify a different 
type.  @typescript-eslint/no-explicit-any
492:48  Warning: 'dateIndex' is defined but never 
used. Allowed unused args must match /^_/u.  
@typescript-eslint/no-unused-vars

./src/modules/media/components/UpdatesTimeline.tsx
1:67  Warning: 'Divider' is defined but never used. 
Allowed unused vars must match /^_/u.  
@typescript-eslint/no-unused-vars
98:30  Warning: 'index' is defined but never used. 
Allowed unused args must match /^_/u.  
@typescript-eslint/no-unused-vars
151:44  Warning: Unexpected any. Specify a different 
type.  @typescript-eslint/no-explicit-any

./src/modules/media/components/VersionsSection.tsx
15:3  Warning: 'Dialog' is defined but never used. 
Allowed unused vars must match /^_/u.  
@typescript-eslint/no-unused-vars
23:3  Warning: 'InsertDriveFile' is defined but never 
used. Allowed unused vars must match /^_/u.  
@typescript-eslint/no-unused-vars
224:21  Warning: Unexpected any. Specify a different 
type.  @typescript-eslint/no-explicit-any

./src/modules/media/components/WorkspaceSplitter.tsx
11:16  Warning: Function component is not an arrow 
function  react/function-component-definition
11:36  Warning: 'side' is defined but never used. 
Allowed unused args must match /^_/u.  
@typescript-eslint/no-unused-vars

./src/modules/notifications/components/NotificationItem
.tsx
21:11  Warning: 'SendIcon' is defined but never used. 
Allowed unused vars must match /^_/u.  
@typescript-eslint/no-unused-vars
26:13  Warning: 'UpdateIcon' is defined but never 
used. Allowed unused vars must match /^_/u.  
@typescript-eslint/no-unused-vars

./src/modules/notifications/contexts/NotificationContex
t.tsx
21:10  Warning: 'pusher' is assigned a value but never 
used. Allowed unused vars must match /^_/u.  
@typescript-eslint/no-unused-vars

./src/modules/notifications/defs/types.ts
31:24  Warning: Unexpected any. Specify a different 
type.  @typescript-eslint/no-explicit-any

./src/modules/notifications/hooks/useNotifications.ts
51:41  Warning: 'event' is defined but never used. 
Allowed unused args must match /^_/u.  
@typescript-eslint/no-unused-vars
55:37  Warning: 'event' is defined but never used. 
Allowed unused args must match /^_/u.  
@typescript-eslint/no-unused-vars
59:40  Warning: 'event' is defined but never used. 
Allowed unused args must match /^_/u.  
@typescript-eslint/no-unused-vars
151:41  Warning: 'event' is defined but never used. 
Allowed unused args must match /^_/u.  
@typescript-eslint/no-unused-vars
156:37  Warning: 'event' is defined but never used. 
Allowed unused args must match /^_/u.  
@typescript-eslint/no-unused-vars
161:40  Warning: 'event' is defined but never used. 
Allowed unused args must match /^_/u.  
@typescript-eslint/no-unused-vars

./src/modules/projects/components/CreatorsPermissionsLi
st.tsx
1:10  Warning: 'Box' is defined but never used. 
Allowed unused vars must match /^_/u.  
@typescript-eslint/no-unused-vars

./src/modules/projects/components/partials/create/StepP
rojectResources.tsx
46:61  Warning: Unexpected unnamed function.  
func-names

./src/modules/projects/components/partials/hire/HiredCr
eatorStep.tsx
6:3  Warning: 'Avatar' is defined but never used. 
Allowed unused vars must match /^_/u.  
@typescript-eslint/no-unused-vars
15:3  Warning: 'Paper' is defined but never used. 
Allowed unused vars must match /^_/u.  
@typescript-eslint/no-unused-vars
371:22  Warning: Do not define components during 
render. React will see a new component type on every 
render and destroy the entire subtreeÔÇÖs DOM nodes 
and state (https://reactjs.org/docs/reconciliation.html
#elements-of-different-types). Instead, move this 
component definition out of the parent component 
ÔÇ£HiredCreatorStepÔÇØ and pass data as props.  
react/no-unstable-nested-components
393:30  Warning: Do not define components during 
render. React will see a new component type on every 
render and destroy the entire subtreeÔÇÖs DOM nodes 
and state (https://reactjs.org/docs/reconciliation.html
#elements-of-different-types). Instead, move this 
component definition out of the parent component 
ÔÇ£HiredCreatorStepÔÇØ and pass data as props.  
react/no-unstable-nested-components

./src/modules/projects/components/partials/hire/InviteC
reatorsStep.tsx
8:3  Warning: 'Avatar' is defined but never used. 
Allowed unused vars must match /^_/u.  
@typescript-eslint/no-unused-vars
19:3  Warning: 'IconButton' is defined but never used. 
Allowed unused vars must match /^_/u.  
@typescript-eslint/no-unused-vars
30:3  Warning: 'Check' is defined but never used. 
Allowed unused vars must match /^_/u.  
@typescript-eslint/no-unused-vars
32:3  Warning: 'Star' is defined but never used. 
Allowed unused vars must match /^_/u.  
@typescript-eslint/no-unused-vars
34:3  Warning: 'LocationOn' is defined but never used. 
Allowed unused vars must match /^_/u.  
@typescript-eslint/no-unused-vars
37:3  Warning: 'Schedule' is defined but never used. 
Allowed unused vars must match /^_/u.  
@typescript-eslint/no-unused-vars
75:10  Warning: 'hoveredCard' is assigned a value but 
never used. Allowed unused vars must match /^_/u.  
@typescript-eslint/no-unused-vars
366:54  Warning: Unexpected any. Specify a different 
type.  @typescript-eslint/no-explicit-any

./src/modules/projects/components/partials/hire/Kickoff
ProjectStep.tsx
8:3  Warning: 'TextField' is defined but never used. 
Allowed unused vars must match /^_/u.  
@typescript-eslint/no-unused-vars
22:3  Warning: 'CheckCircle' is defined but never 
used. Allowed unused vars must match /^_/u.  
@typescript-eslint/no-unused-vars
66:10  Warning: 'error' is assigned a value but never 
used. Allowed unused vars must match /^_/u.  
@typescript-eslint/no-unused-vars

./src/modules/projects/components/partials/hire/ReviewP
roposalsStep.tsx
3:3  Warning: 'Typography' is defined but never used. 
Allowed unused vars must match /^_/u.  
@typescript-eslint/no-unused-vars
9:3  Warning: 'Button' is defined but never used. 
Allowed unused vars must match /^_/u.  
@typescript-eslint/no-unused-vars
21:8  Warning: 'ShareOutlinedIcon' is defined but 
never used. Allowed unused vars must match /^_/u.  
@typescript-eslint/no-unused-vars
22:8  Warning: 'TrendingUpOutlinedIcon' is defined but 
never used. Allowed unused vars must match /^_/u.  
@typescript-eslint/no-unused-vars
30:3  Warning: 'project' PropType is defined but prop 
is never used  react/no-unused-prop-types
34:43  Warning: 'onStatusChange' is defined but never 
used. Allowed unused args must match /^_/u.  
@typescript-eslint/no-unused-vars

./src/modules/projects/components/partials/InviteMessag
eModal.tsx
2:3  Warning: 'Avatar' is defined but never used. 
Allowed unused vars must match /^_/u.  
@typescript-eslint/no-unused-vars

./src/modules/projects/components/partials/ProposalRevi
ewCard.tsx
8:3  Warning: 'Avatar' is defined but never used. 
Allowed unused vars must match /^_/u.  
@typescript-eslint/no-unused-vars

./src/modules/projects/components/partials/UpsertProjec
tStepper.tsx
15:45  Warning: 'Alert' is defined but never used. 
Allowed unused vars must match /^_/u.  
@typescript-eslint/no-unused-vars
280:11  Warning: 'hasPermission' is assigned a value 
but never used. Allowed unused vars must match /^_/u.  
@typescript-eslint/no-unused-vars

./src/modules/projects/components/ProjectDetailsSection
.tsx
1:27  Warning: 'Avatar' is defined but never used. 
Allowed unused vars must match /^_/u.  
@typescript-eslint/no-unused-vars

./src/modules/projects/hooks/useProjects.tsx
11:3  Warning: 'UseItems' is defined but never used. 
Allowed unused vars must match /^_/u.  
@typescript-eslint/no-unused-vars

./src/modules/projects/hooks/useProjectUpdates.ts
29:60  Warning: Unexpected any. Specify a different 
type.  @typescript-eslint/no-explicit-any
51:32  Warning: Unexpected any. Specify a different 
type.  @typescript-eslint/no-explicit-any
58:69  Warning: Unexpected any. Specify a different 
type.  @typescript-eslint/no-explicit-any

./src/modules/system-administrators/components/SystemAd
ministratorsTable.tsx
11:31  Warning: 'AdminPanelSettings' is defined but 
never used. Allowed unused vars must match /^_/u.  
@typescript-eslint/no-unused-vars
74:28  Warning: Unexpected any. Specify a different 
type.  @typescript-eslint/no-explicit-any
87:46  Warning: Unexpected any. Specify a different 
type.  @typescript-eslint/no-explicit-any
91:17  Warning: Unexpected any. Specify a different 
type.  @typescript-eslint/no-explicit-any
91:22  Warning: Unexpected any. Specify a different 
type.  @typescript-eslint/no-explicit-any
91:27  Warning: Unexpected any. Specify a different 
type.  @typescript-eslint/no-explicit-any

./src/modules/uploads/hooks/api/useUploads.ts
154:62  Warning: Unexpected any. Specify a different 
type.  @typescript-eslint/no-explicit-any

./src/modules/users/components/CardList.tsx
3:8  Warning: 'Skeleton' is defined but never used. 
Allowed unused vars must match /^_/u.  
@typescript-eslint/no-unused-vars

./src/modules/users/components/partials/AdminDetailsCar
d.tsx
15:47  Warning: Unexpected any. Specify a different 
type.  @typescript-eslint/no-explicit-any

./src/modules/users/components/partials/complete-profil
e/StepAddress.tsx
6:24  Warning: 'methods' is defined but never used. 
Allowed unused args must match /^_/u.  
@typescript-eslint/no-unused-vars
6:49  Warning: Unexpected any. Specify a different 
type.  @typescript-eslint/no-explicit-any

./src/modules/users/components/partials/complete-profil
e/StepEmergency.tsx
6:26  Warning: 'methods' is defined but never used. 
Allowed unused args must match /^_/u.  
@typescript-eslint/no-unused-vars
6:51  Warning: Unexpected any. Specify a different 
type.  @typescript-eslint/no-explicit-any

./src/modules/users/components/partials/complete-profil
e/StepPreferences.tsx
16:28  Warning: 'methods' is defined but never used. 
Allowed unused args must match /^_/u.  
@typescript-eslint/no-unused-vars
16:53  Warning: Unexpected any. Specify a different 
type.  @typescript-eslint/no-explicit-any

./src/modules/users/components/partials/complete-profil
e/StepSocial.tsx
6:23  Warning: 'methods' is defined but never used. 
Allowed unused args must match /^_/u.  
@typescript-eslint/no-unused-vars
6:48  Warning: Unexpected any. Specify a different 
type.  @typescript-eslint/no-explicit-any

./src/modules/users/components/partials/complete-role-p
rofile/StepBasicInfo.tsx
18:7  Warning: 'projectCountOptions' is assigned a 
value but never used. Allowed unused vars must match 
/^_/u.  @typescript-eslint/no-unused-vars

./src/modules/users/components/partials/complete-role-p
rofile/StepSkills.tsx
1:62  Warning: 'Chip' is defined but never used. 
Allowed unused vars must match /^_/u.  
@typescript-eslint/no-unused-vars
1:68  Warning: 'Box' is defined but never used. 
Allowed unused vars must match /^_/u.  
@typescript-eslint/no-unused-vars
3:10  Warning: 'RHFTextField' is defined but never 
used. Allowed unused vars must match /^_/u.  
@typescript-eslint/no-unused-vars
12:23  Warning: 'methods' is defined but never used. 
Allowed unused args must match /^_/u.  
@typescript-eslint/no-unused-vars

./src/modules/users/components/partials/UsersTable.tsx
29:29  Warning: 'item' is defined but never used. 
Allowed unused args must match /^_/u.  
@typescript-eslint/no-unused-vars
29:35  Warning: Unexpected any. Specify a different 
type.  @typescript-eslint/no-explicit-any

./src/modules/users/hooks/api/useCompleteProfile.ts
337:37  Warning: Unexpected any. Specify a different 
type.  @typescript-eslint/no-explicit-any
397:32  Warning: Unexpected any. Specify a different 
type.  @typescript-eslint/no-explicit-any
397:52  Warning: Unexpected any. Specify a different 
type.  @typescript-eslint/no-explicit-any
402:32  Warning: Unexpected any. Specify a different 
type.  @typescript-eslint/no-explicit-any
402:58  Warning: Unexpected any. Specify a different 
type.  @typescript-eslint/no-explicit-any

./src/modules/users/hooks/api/useUsers.ts
104:20  Warning: Unexpected any. Specify a different 
type.  @typescript-eslint/no-explicit-any
145:20  Warning: Unexpected any. Specify a different 
type.  @typescript-eslint/no-explicit-any

./src/pages/admin/applications.tsx
9:3  Warning: 'Avatar' is defined but never used. 
Allowed unused vars must match /^_/u.  
@typescript-eslint/no-unused-vars

./src/pages/admin/system-administrators.tsx
11:8  Warning: 'Namespaces' is defined but never used. 
Allowed unused vars must match /^_/u.  
@typescript-eslint/no-unused-vars

./src/pages/ambassadors/index.tsx
19:3  Warning: 'Avatar' is defined but never used. 
Allowed unused vars must match /^_/u.  
@typescript-eslint/no-unused-vars

./src/pages/auth/verify-email/index.tsx
7:8  Warning: 'Routes' is defined but never used. 
Allowed unused vars must match /^_/u.  
@typescript-eslint/no-unused-vars

./src/pages/notifications.tsx
59:70  Warning: Unexpected any. Specify a different 
type.  @typescript-eslint/no-explicit-any

./src/pages/projects/[id]/hire-creator.tsx
17:11  Warning: 't' is assigned a value but never 
used. Allowed unused vars must match /^_/u.  
@typescript-eslint/no-unused-vars

./src/pages/team-invitations/[token].tsx
8:3  Warning: 'Avatar' is defined but never used. 
Allowed unused vars must match /^_/u.  
@typescript-eslint/no-unused-vars
17:13  Warning: 'PersonIcon' is defined but never 
used. Allowed unused vars must match /^_/u.  
@typescript-eslint/no-unused-vars

./src/pages/_app.tsx
31:10  Warning: 'ReactQueryDevtools' is defined but 
never used. Allowed unused vars must match /^_/u.  
@typescript-eslint/no-unused-vars

info  - Need to disable some ESLint rules? Learn more 
here: https://nextjs.org/docs/basic-features/eslint#dis
abling-rules
